// Jest Snapshot v1, https://goo.gl/fbAQLP

exports[`functional should functional 1`] = `
Object {
  ".gitignore": Object {
    "input": "<%= JSON.stringify(_.file) %>
",
    "loaders": "LoDash",
    "output": "{\\"path\\":\\".gitignore\\",\\"dirname\\":\\".\\",\\"name\\":\\".gitignore\\",\\"ext\\":\\"\\"}
",
  },
  "imignored/keep.module.js": Object {
    "input": "
module.exports = function (variables) {
  return Object.assign({}, {
    name: variables.value,
    version: '2.3.5'
  })
}
",
    "loaders": "module",
    "output": "{
    \\"name\\": \\"ojbk\\",
    \\"version\\": \\"2.3.5\\"
}",
  },
  "index.js": Object {
    "input": "/**
 * @file index
 * @author <%= JSON.stringify(_.file) %>
 * @date 2018/3/28
 * @description
 */

module.exports = '\${value}'
",
    "loaders": "LoDash",
    "output": "/**
 * @file index
 * @author {\\"path\\":\\"index.js\\",\\"dirname\\":\\".\\",\\"name\\":\\"index\\",\\"ext\\":\\".js\\"}
 * @date 2018/3/28
 * @description
 */

module.exports = 'ojbk'
",
  },
}
`;
